2026-05-16T16:18:54.863+0530 [INFO]  Terraform version: 1.15.1
2026-05-16T16:18:54.863+0530 [DEBUG] using github.com/hashicorp/go-tfe v1.94.0
2026-05-16T16:18:54.863+0530 [DEBUG] using github.com/hashicorp/hcl/v2 v2.24.0
2026-05-16T16:18:54.863+0530 [DEBUG] using github.com/hashicorp/terraform-svchost v0.2.1
2026-05-16T16:18:54.863+0530 [DEBUG] using github.com/zclconf/go-cty v1.18.0
2026-05-16T16:18:54.863+0530 [INFO]  Go runtime version: go1.25.8
2026-05-16T16:18:54.863+0530 [INFO]  CLI args: []string{"C:\\Terraform\\terraform.exe", "init"}
2026-05-16T16:18:54.863+0530 [TRACE] Stdout is not a terminal
2026-05-16T16:18:54.864+0530 [TRACE] Stderr is not a terminal
2026-05-16T16:18:54.864+0530 [TRACE] Stdin is a terminal
2026-05-16T16:18:54.867+0530 [DEBUG] Attempting to open CLI config file: C:\Users\Pranav\AppData\Roaming\terraform.rc
2026-05-16T16:18:54.867+0530 [INFO]  Loading CLI configuration from C:\Users\Pranav\AppData\Roaming\terraform.rc
2026-05-16T16:18:54.867+0530 [DEBUG] ignoring non-existing provider search directory terraform.d/plugins
2026-05-16T16:18:54.867+0530 [DEBUG] ignoring non-existing provider search directory C:\Users\Pranav\AppData\Roaming\terraform.d\plugins
2026-05-16T16:18:54.868+0530 [DEBUG] ignoring non-existing provider search directory C:\Users\Pranav\AppData\Roaming\HashiCorp\Terraform\plugins
2026-05-16T16:18:54.868+0530 [INFO]  CLI command args: []string{"init"}
2026-05-16T16:18:54.871+0530 [TRACE] terraform.NewContext: starting
2026-05-16T16:18:54.871+0530 [TRACE] terraform.NewContext: complete
2026-05-16T16:18:54.871+0530 [TRACE] building graph for terraform dependencies
2026-05-16T16:18:54.871+0530 [TRACE] Executing graph transform *terraform.RootVariableTransformer
2026-05-16T16:18:54.871+0530 [TRACE] Executing graph transform *terraform.ModuleTransformer
2026-05-16T16:18:54.871+0530 [TRACE] Executing graph transform *terraform.LocalTransformer
2026-05-16T16:18:54.871+0530 [TRACE] Executing graph transform *terraform.ReferenceTransformer
2026-05-16T16:18:54.871+0530 [DEBUG] ReferenceTransformer: "var.instance_type_map" references: []
2026-05-16T16:18:54.871+0530 [DEBUG] ReferenceTransformer: "var.aws_region" references: []
2026-05-16T16:18:54.871+0530 [DEBUG] ReferenceTransformer: "var.instance_keypair" references: []
2026-05-16T16:18:54.871+0530 [DEBUG] ReferenceTransformer: "var.instance_type_list" references: []
2026-05-16T16:18:54.871+0530 [TRACE] Executing graph transform *terraform.TransformFilter
2026-05-16T16:18:54.871+0530 [TRACE] Executing graph transform *terraform.variableValidationTransformer
2026-05-16T16:18:54.871+0530 [TRACE] variableValidationTransformer: adding validation nodes for any existing variable evaluation nodes
2026-05-16T16:18:54.871+0530 [TRACE] Executing graph transform *terraform.RootTransformer
2026-05-16T16:18:54.871+0530 [TRACE] Executing graph transform *terraform.TransitiveReductionTransformer
2026-05-16T16:18:54.871+0530 [TRACE] Completed graph transform:
root - terraform.graphNodeRoot
  ------
2026-05-16T16:18:54.872+0530 [DEBUG] Starting graph walk: walkInit
2026-05-16T16:18:54.872+0530 [TRACE] vertex "root": starting visit (terraform.graphNodeRoot)
2026-05-16T16:18:54.872+0530 [TRACE] vertex "root": does not belong to any module instance
2026-05-16T16:18:54.872+0530 [TRACE] vertex "root": visit complete
[0m[1mInitializing provider plugins found in the configuration...[0m
- Reusing previous version of hashicorp/aws from the dependency lock file
2026-05-16T16:18:54.872+0530 [DEBUG] Service discovery for registry.terraform.io at https://registry.terraform.io/.well-known/terraform.json
2026-05-16T16:18:55.165+0530 [DEBUG] GET https://registry.terraform.io/v1/providers/hashicorp/aws/versions
2026-05-16T16:18:55.165+0530 [TRACE] HTTP client GET request to https://registry.terraform.io/v1/providers/hashicorp/aws/versions
2026-05-16T16:18:55.379+0530 [TRACE] providercache.fillMetaCache: scanning directory .terraform\providers
2026-05-16T16:18:55.379+0530 [TRACE] getproviders.SearchLocalDirectory: failed to resolve symlinks for .terraform\providers: GetFileAttributesEx .terraform: The system cannot find the file specified.
2026-05-16T16:18:55.379+0530 [TRACE] providercache.fillMetaCache: error while scanning directory .terraform\providers: cannot search .terraform\providers: GetFileAttributesEx .terraform\providers: The system cannot find the path specified.
2026-05-16T16:18:55.379+0530 [TRACE] providercache.fillMetaCache: scanning directory C:/Users/Pranav/.terraform.d/plugin-cache
2026-05-16T16:18:55.380+0530 [TRACE] getproviders.SearchLocalDirectory: found registry.terraform.io/hashicorp/aws v6.44.0 for windows_amd64 at C:\Users\Pranav\.terraform.d\plugin-cache\registry.terraform.io\hashicorp\aws\6.44.0\windows_amd64
2026-05-16T16:18:55.380+0530 [TRACE] providercache.fillMetaCache: including C:\Users\Pranav\.terraform.d\plugin-cache\registry.terraform.io\hashicorp\aws\6.44.0\windows_amd64 as a candidate package for registry.terraform.io/hashicorp/aws 6.44.0
- Using hashicorp/aws v6.44.0 from the shared cache directory
2026-05-16T16:18:56.855+0530 [TRACE] providercache.Dir.LinkFromOtherCache: linking registry.terraform.io/hashicorp/aws v6.44.0 from existing cache C:/Users/Pranav/.terraform.d/plugin-cache/registry.terraform.io/hashicorp/aws/6.44.0/windows_amd64 to .terraform/providers/registry.terraform.io/hashicorp/aws/6.44.0/windows_amd64
2026-05-16T16:18:57.864+0530 [TRACE] providercache.fillMetaCache: scanning directory .terraform\providers
2026-05-16T16:18:57.866+0530 [TRACE] getproviders.SearchLocalDirectory: found registry.terraform.io/hashicorp/aws v6.44.0 for windows_amd64 at .terraform\providers\registry.terraform.io\hashicorp\aws\6.44.0\windows_amd64
2026-05-16T16:18:57.866+0530 [TRACE] providercache.fillMetaCache: including .terraform\providers\registry.terraform.io\hashicorp\aws\6.44.0\windows_amd64 as a candidate package for registry.terraform.io/hashicorp/aws 6.44.0

[0m[1mInitializing the backend...[0m
2026-05-16T16:18:58.646+0530 [TRACE] Meta.Backend: no config given or present on disk, so returning nil config
2026-05-16T16:18:58.646+0530 [TRACE] Meta.Backend: backend has not previously been initialized in this working directory
2026-05-16T16:18:58.646+0530 [TRACE] Meta.Backend: using default local state only (no backend configuration, and no existing initialized backend)
2026-05-16T16:18:58.646+0530 [TRACE] Meta.Backend: instantiated backend of type <nil>
2026-05-16T16:18:58.646+0530 [TRACE] providercache.fillMetaCache: scanning directory .terraform\providers
2026-05-16T16:18:58.647+0530 [TRACE] getproviders.SearchLocalDirectory: found registry.terraform.io/hashicorp/aws v6.44.0 for windows_amd64 at .terraform\providers\registry.terraform.io\hashicorp\aws\6.44.0\windows_amd64
2026-05-16T16:18:58.647+0530 [TRACE] providercache.fillMetaCache: including .terraform\providers\registry.terraform.io\hashicorp\aws\6.44.0\windows_amd64 as a candidate package for registry.terraform.io/hashicorp/aws 6.44.0
2026-05-16T16:18:59.429+0530 [DEBUG] checking for provisioner in "."
2026-05-16T16:18:59.430+0530 [DEBUG] checking for provisioner in "C:\\Terraform"
2026-05-16T16:18:59.430+0530 [TRACE] Meta.Backend: backend <nil> does not support operations, so wrapping it in a local backend

2026-05-16T16:18:59.430+0530 [TRACE] backend/local: state manager for workspace "default" will:
 - read initial snapshot from terraform.tfstate
 - write new snapshots to terraform.tfstate
 - create any backup at terraform.tfstate.backup
2026-05-16T16:18:59.430+0530 [TRACE] statemgr.Filesystem: reading initial snapshot from terraform.tfstate
2026-05-16T16:18:59.430+0530 [TRACE] statemgr.Filesystem: snapshot file has nil snapshot, but that's okay
2026-05-16T16:18:59.430+0530 [TRACE] statemgr.Filesystem: read nil snapshot


[0m[1m[32mTerraform has been successfully initialized![0m[32m[0m
[0m[32m
You may now begin working with Terraform. Try running "terraform plan" to see
any changes that are required for your infrastructure. All Terraform commands
should now work.

If you ever set or change modules or backend configuration for Terraform,
rerun this command to reinitialize your working directory. If you forget, other
commands will detect it and remind you to do so if necessary.[0m
